Traceback (most recent call last):
  File "E:\Developen\Github\corpus-indomicus\scripts\run_storage_study.py", line 81, in <module>
    main()
    ~~~~^^
  File "E:\Developen\Github\corpus-indomicus\scripts\run_storage_study.py", line 51, in main
    pipeline.process_run(connector, run_id, refresh_known=True,
    ~~~~~~~~~~~~~~~~~~~~^^^^^^^^^^^^^^^^^^^^^^^^^^^^^^^^^^^^^^^
                         callback=lambda event: state('download', event=event))
                         ^^^^^^^^^^^^^^^^^^^^^^^^^^^^^^^^^^^^^^^^^^^^^^^^^^^^^^
  File "E:\Developen\Github\corpus-indomicus\src\corpus_indomicus\acquisition.py", line 413, in process_run
    callback(
    ~~~~~~~~^
        {
        ^
    ...<7 lines>...
        }
        ^
    )
    ^
  File "E:\Developen\Github\corpus-indomicus\scripts\run_storage_study.py", line 52, in <lambda>
    callback=lambda event: state('download', event=event))
                           ~~~~~^^^^^^^^^^^^^^^^^^^^^^^^^
  File "E:\Developen\Github\corpus-indomicus\scripts\run_storage_study.py", line 26, in state
    payload = json.dumps(row, ensure_ascii=False)
  File "C:\Users\Revian\AppData\Roaming\uv\python\cpython-3.13-windows-x86_64-none\Lib\json\__init__.py", line 238, in dumps
    **kw).encode(obj)
          ~~~~~~^^^^^
  File "C:\Users\Revian\AppData\Roaming\uv\python\cpython-3.13-windows-x86_64-none\Lib\json\encoder.py", line 200, in encode
    chunks = self.iterencode(o, _one_shot=True)
  File "C:\Users\Revian\AppData\Roaming\uv\python\cpython-3.13-windows-x86_64-none\Lib\json\encoder.py", line 261, in iterencode
    return _iterencode(o, 0)
  File "C:\Users\Revian\AppData\Roaming\uv\python\cpython-3.13-windows-x86_64-none\Lib\json\encoder.py", line 180, in default
    raise TypeError(f'Object of type {o.__class__.__name__} '
                    f'is not JSON serializable')
TypeError: Object of type AcquisitionSummary is not JSON serializable
